START 2026-06-18T17:54:20-0300 workers=1
PASS 0 original=1213 covered=1183 pending=31
RUN 1/31 HYP_AUTO_LOCAL_PULLBACK_TO_SMA26_SEED
EXIT HYP_AUTO_LOCAL_PULLBACK_TO_SMA26_SEED 0 covered=1183 delta=0
RUN 2/31 HYP_REFINE_AUTO002_TOPN_6_V1_DDGRID_LONG_R13_C22_E72_CR40_REDD_RECOVERED_DD7_SL18
EXIT HYP_REFINE_AUTO002_TOPN_6_V1_DDGRID_LONG_R13_C22_E72_CR40_REDD_RECOVERED_DD7_SL18 0 covered=1184 delta=1
RUN 3/31 HYP_REFINE_AUTO002_TOPN_6_V1_DDGRID_LONG_R13_C22_E75_CR45_REDD_RECOVERED_DD8_SL22
EXIT HYP_REFINE_AUTO002_TOPN_6_V1_DDGRID_LONG_R13_C22_E75_CR45_REDD_RECOVERED_DD8_SL22 0 covered=1185 delta=1
RUN 4/31 HYP_REFINE_AUTO002_TOPN_6_V1_DDGRID_LONG_R13_C22_E75_CR45_REDD_RECOVERED_DD9_SL20
EXIT HYP_REFINE_AUTO002_TOPN_6_V1_DDGRID_LONG_R13_C22_E75_CR45_REDD_RECOVERED_DD9_SL20 0 covered=1186 delta=1
RUN 5/31 HYP_REFINE_AUTO002_TOPN_6_V1_DDGRID_LONG_R13_C22_E78_CR40_REDD_RECOVERED_DD8_SL20
EXIT HYP_REFINE_AUTO002_TOPN_6_V1_DDGRID_LONG_R13_C22_E78_CR40_REDD_RECOVERED_DD8_SL20 0 covered=1187 delta=1
RUN 6/31 HYP_REFINE_AUTO002_TOPN_6_V1_DDGRID_LONG_R13_C23_E72_CR40_REDD_RECOVERED_DD8_SL22
EXIT HYP_REFINE_AUTO002_TOPN_6_V1_DDGRID_LONG_R13_C23_E72_CR40_REDD_RECOVERED_DD8_SL22 0 covered=1188 delta=1
RUN 7/31 HYP_REFINE_AUTO002_TOPN_6_V1_DDGRID_LONG_R13_C23_E75_CR40_REDD_RECOVERED_DD8_SL24
EXIT HYP_REFINE_AUTO002_TOPN_6_V1_DDGRID_LONG_R13_C23_E75_CR40_REDD_RECOVERED_DD8_SL24 0 covered=1189 delta=1
RUN 8/31 HYP_REFINE_AUTO002_TOPN_6_V1_DDGRID_LONG_R13_C23_E75_CR42_REDD_RECOVERED_DD8_SL22
EXIT HYP_REFINE_AUTO002_TOPN_6_V1_DDGRID_LONG_R13_C23_E75_CR42_REDD_RECOVERED_DD8_SL22 0 covered=1190 delta=1
RUN 9/31 HYP_REFINE_AUTO002_TOPN_6_V1_DDGRID_LONG_R14_C22_E75_CR40_REDD_RECOVERED_DD8_SL20
EXIT HYP_REFINE_AUTO002_TOPN_6_V1_DDGRID_LONG_R14_C22_E75_CR40_REDD_RECOVERED_DD8_SL20 0 covered=1191 delta=1
RUN 10/31 HYP_REFINE_AUTO002_TOPN_6_V1_DDGRID_LONG_R14_C22_E75_CR40_REDD_RECOVERED_DD9_SL18
EXIT HYP_REFINE_AUTO002_TOPN_6_V1_DDGRID_LONG_R14_C22_E75_CR40_REDD_RECOVERED_DD9_SL18 0 covered=1192 delta=1
RUN 11/31 HYP_REFINE_AUTO002_TOPN_6_V1_DDGRID_LONG_R14_C24_E75_CR40_REDD_RECOVERED_DD8_SL20
EXIT HYP_REFINE_AUTO002_TOPN_6_V1_DDGRID_LONG_R14_C24_E75_CR40_REDD_RECOVERED_DD8_SL20 0 covered=1193 delta=1
RUN 12/31 HYP_FSPACE_AUTO_002_RANK_CLOSE_SMA_50_SLOPE_5D_PCT_V1
EXIT HYP_FSPACE_AUTO_002_RANK_CLOSE_SMA_50_SLOPE_5D_PCT_V1 0 covered=1193 delta=0
RUN 13/31 HYP_FSPACE_AUTO_002_RANK_DISTANCE_TO_CHANNEL_LOWER_PCT_V1
EXIT HYP_FSPACE_AUTO_002_RANK_DISTANCE_TO_CHANNEL_LOWER_PCT_V1 0 covered=1193 delta=0
RUN 14/31 HYP_FSPACE_AUTO_002_RANK_CLOSE_SMA_50_SLOPE_5D_PCT_MKT_STRICT_SPY_V1
EXIT HYP_FSPACE_AUTO_002_RANK_CLOSE_SMA_50_SLOPE_5D_PCT_MKT_STRICT_SPY_V1 0 covered=1193 delta=0
RUN 15/31 HYP_FSPACE_AUTO_002_RANK_CLOSE_SMA_50_SLOPE_5D_PCT_CONF_CHANNEL_R2_035_V1
EXIT HYP_FSPACE_AUTO_002_RANK_CLOSE_SMA_50_SLOPE_5D_PCT_CONF_CHANNEL_R2_035_V1 0 covered=1193 delta=0
RUN 16/31 HYP_FSPACE_AUTO_002_RANK_DISTANCE_TO_CHANNEL_LOWER_PCT_MKT_STRICT_SPY_V1
EXIT HYP_FSPACE_AUTO_002_RANK_DISTANCE_TO_CHANNEL_LOWER_PCT_MKT_STRICT_SPY_V1 0 covered=1193 delta=0
RUN 17/31 HYP_FSPACE_AUTO_002_RANK_CLOSE_SMA_50_SLOPE_5D_PCT_CONF_CHANNEL_SLOPE_POS_V1
EXIT HYP_FSPACE_AUTO_002_RANK_CLOSE_SMA_50_SLOPE_5D_PCT_CONF_CHANNEL_SLOPE_POS_V1 0 covered=1193 delta=0
RUN 18/31 HYP_FSPACE_AUTO_002_RANK_CLOSE_SMA_50_SLOPE_5D_PCT_CONF_SMA20_POS_V1
EXIT HYP_FSPACE_AUTO_002_RANK_CLOSE_SMA_50_SLOPE_5D_PCT_CONF_SMA20_POS_V1 0 covered=1193 delta=0
RUN 19/31 HYP_FSPACE_AUTO_002_RANK_CLOSE_SMA_50_SLOPE_5D_PCT_CONF_SMA52_POS_V1
EXIT HYP_FSPACE_AUTO_002_RANK_CLOSE_SMA_50_SLOPE_5D_PCT_CONF_SMA52_POS_V1 0 covered=1193 delta=0
RUN 20/31 HYP_FSPACE_AUTO_002_RANK_CLOSE_SMA_50_SLOPE_5D_PCT_MKT_RELAXED_V1
EXIT HYP_FSPACE_AUTO_002_RANK_CLOSE_SMA_50_SLOPE_5D_PCT_MKT_RELAXED_V1 0 covered=1193 delta=0
RUN 21/31 HYP_FSPACE_AUTO_002_RANK_DISTANCE_TO_CHANNEL_LOWER_PCT_MKT_RELAXED_V1
EXIT HYP_FSPACE_AUTO_002_RANK_DISTANCE_TO_CHANNEL_LOWER_PCT_MKT_RELAXED_V1 0 covered=1193 delta=0
RUN 22/31 HYP_FSPACE_AUTO_002_RANK_CLOSE_SMA_50_SLOPE_5D_PCT_EXIT_14_V1
EXIT HYP_FSPACE_AUTO_002_RANK_CLOSE_SMA_50_SLOPE_5D_PCT_EXIT_14_V1 0 covered=1193 delta=0
RUN 23/31 HYP_FSPACE_AUTO_002_RANK_CLOSE_SMA_50_SLOPE_5D_PCT_EXIT_17_V1
EXIT HYP_FSPACE_AUTO_002_RANK_CLOSE_SMA_50_SLOPE_5D_PCT_EXIT_17_V1 0 covered=1193 delta=0
RUN 24/31 HYP_FSPACE_AUTO_002_RANK_DISTANCE_TO_CHANNEL_LOWER_PCT_CONF_CHANNEL_R2_035_V1
EXIT HYP_FSPACE_AUTO_002_RANK_DISTANCE_TO_CHANNEL_LOWER_PCT_CONF_CHANNEL_R2_035_V1 0 covered=1193 delta=0
RUN 25/31 HYP_LIT_AUTO_002_PAPER_RESIDUAL_IDIOSYNCRATIC_MOMENTUM_RESIDUAL_RET26_V4
EXIT HYP_LIT_AUTO_002_PAPER_RESIDUAL_IDIOSYNCRATIC_MOMENTUM_RESIDUAL_RET26_V4 0 covered=1193 delta=0
RUN 26/31 HYP_LITEXP_AUTO_002_RESIDUAL26_BREADTH45_DD26_V1
EXIT HYP_LITEXP_AUTO_002_RESIDUAL26_BREADTH45_DD26_V1 0 covered=1193 delta=0
RUN 27/31 HYP_LITEXP_AUTO_002_RESIDUAL26_LOWVOL13_CONFIRM_V1
EXIT HYP_LITEXP_AUTO_002_RESIDUAL26_LOWVOL13_CONFIRM_V1 0 covered=1193 delta=0
RUN 28/31 HYP_LITEXP_AUTO_002_SECTOR_REL26_LOWDD_V1
EXIT HYP_LITEXP_AUTO_002_SECTOR_REL26_LOWDD_V1 0 covered=1193 delta=0
RUN 29/31 HYP_LIT_AUTO_002_PAPER_SECTOR_AND_INDUSTRY_RELATIVE_STR_SECTOR_REL_RET26_V4
EXIT HYP_LIT_AUTO_002_PAPER_SECTOR_AND_INDUSTRY_RELATIVE_STR_SECTOR_REL_RET26_V4 0 covered=1193 delta=0
RUN 30/31 SP500_MOMENTUM_TREND_BASELINE_V1
EXIT SP500_MOMENTUM_TREND_BASELINE_V1 0 covered=1193 delta=0
RUN 31/31 HYP_REFINE_AUTO002_TOPN_6_V1_DDGRID_LONGRUN_STRICT_STRICT_NEXT_CLOSE_R13_C22_E75_CR33_REDD_DD7_SL18
EXIT HYP_REFINE_AUTO002_TOPN_6_V1_DDGRID_LONGRUN_STRICT_STRICT_NEXT_CLOSE_R13_C22_E75_CR33_REDD_DD7_SL18 0 covered=1193 delta=0
PASS 1 original=1213 covered=1193 pending=21
RUN 1/21 HYP_AUTO_LOCAL_PULLBACK_TO_SMA26_SEED
EXIT HYP_AUTO_LOCAL_PULLBACK_TO_SMA26_SEED 0 covered=1193 delta=0
RUN 2/21 HYP_FSPACE_AUTO_002_RANK_CLOSE_SMA_50_SLOPE_5D_PCT_V1
EXIT HYP_FSPACE_AUTO_002_RANK_CLOSE_SMA_50_SLOPE_5D_PCT_V1 0 covered=1193 delta=0
RUN 3/21 HYP_FSPACE_AUTO_002_RANK_DISTANCE_TO_CHANNEL_LOWER_PCT_V1
EXIT HYP_FSPACE_AUTO_002_RANK_DISTANCE_TO_CHANNEL_LOWER_PCT_V1 0 covered=1193 delta=0
RUN 4/21 HYP_FSPACE_AUTO_002_RANK_CLOSE_SMA_50_SLOPE_5D_PCT_MKT_STRICT_SPY_V1
EXIT HYP_FSPACE_AUTO_002_RANK_CLOSE_SMA_50_SLOPE_5D_PCT_MKT_STRICT_SPY_V1 0 covered=1193 delta=0
RUN 5/21 HYP_FSPACE_AUTO_002_RANK_CLOSE_SMA_50_SLOPE_5D_PCT_CONF_CHANNEL_R2_035_V1
EXIT HYP_FSPACE_AUTO_002_RANK_CLOSE_SMA_50_SLOPE_5D_PCT_CONF_CHANNEL_R2_035_V1 0 covered=1193 delta=0
RUN 6/21 HYP_FSPACE_AUTO_002_RANK_DISTANCE_TO_CHANNEL_LOWER_PCT_MKT_STRICT_SPY_V1
EXIT HYP_FSPACE_AUTO_002_RANK_DISTANCE_TO_CHANNEL_LOWER_PCT_MKT_STRICT_SPY_V1 0 covered=1193 delta=0
RUN 7/21 HYP_FSPACE_AUTO_002_RANK_CLOSE_SMA_50_SLOPE_5D_PCT_CONF_CHANNEL_SLOPE_POS_V1
EXIT HYP_FSPACE_AUTO_002_RANK_CLOSE_SMA_50_SLOPE_5D_PCT_CONF_CHANNEL_SLOPE_POS_V1 0 covered=1193 delta=0
RUN 8/21 HYP_FSPACE_AUTO_002_RANK_CLOSE_SMA_50_SLOPE_5D_PCT_CONF_SMA20_POS_V1
EXIT HYP_FSPACE_AUTO_002_RANK_CLOSE_SMA_50_SLOPE_5D_PCT_CONF_SMA20_POS_V1 0 covered=1193 delta=0
RUN 9/21 HYP_FSPACE_AUTO_002_RANK_CLOSE_SMA_50_SLOPE_5D_PCT_CONF_SMA52_POS_V1
EXIT HYP_FSPACE_AUTO_002_RANK_CLOSE_SMA_50_SLOPE_5D_PCT_CONF_SMA52_POS_V1 0 covered=1193 delta=0
RUN 10/21 HYP_FSPACE_AUTO_002_RANK_CLOSE_SMA_50_SLOPE_5D_PCT_MKT_RELAXED_V1
EXIT HYP_FSPACE_AUTO_002_RANK_CLOSE_SMA_50_SLOPE_5D_PCT_MKT_RELAXED_V1 0 covered=1193 delta=0
RUN 11/21 HYP_FSPACE_AUTO_002_RANK_DISTANCE_TO_CHANNEL_LOWER_PCT_MKT_RELAXED_V1
EXIT HYP_FSPACE_AUTO_002_RANK_DISTANCE_TO_CHANNEL_LOWER_PCT_MKT_RELAXED_V1 0 covered=1193 delta=0
RUN 12/21 HYP_FSPACE_AUTO_002_RANK_CLOSE_SMA_50_SLOPE_5D_PCT_EXIT_14_V1
EXIT HYP_FSPACE_AUTO_002_RANK_CLOSE_SMA_50_SLOPE_5D_PCT_EXIT_14_V1 0 covered=1193 delta=0
RUN 13/21 HYP_FSPACE_AUTO_002_RANK_CLOSE_SMA_50_SLOPE_5D_PCT_EXIT_17_V1
EXIT HYP_FSPACE_AUTO_002_RANK_CLOSE_SMA_50_SLOPE_5D_PCT_EXIT_17_V1 0 covered=1193 delta=0
RUN 14/21 HYP_FSPACE_AUTO_002_RANK_DISTANCE_TO_CHANNEL_LOWER_PCT_CONF_CHANNEL_R2_035_V1
EXIT HYP_FSPACE_AUTO_002_RANK_DISTANCE_TO_CHANNEL_LOWER_PCT_CONF_CHANNEL_R2_035_V1 0 covered=1193 delta=0
RUN 15/21 HYP_LIT_AUTO_002_PAPER_RESIDUAL_IDIOSYNCRATIC_MOMENTUM_RESIDUAL_RET26_V4
EXIT HYP_LIT_AUTO_002_PAPER_RESIDUAL_IDIOSYNCRATIC_MOMENTUM_RESIDUAL_RET26_V4 0 covered=1193 delta=0
RUN 16/21 HYP_LITEXP_AUTO_002_RESIDUAL26_BREADTH45_DD26_V1
EXIT HYP_LITEXP_AUTO_002_RESIDUAL26_BREADTH45_DD26_V1 0 covered=1193 delta=0
RUN 17/21 HYP_LITEXP_AUTO_002_RESIDUAL26_LOWVOL13_CONFIRM_V1
EXIT HYP_LITEXP_AUTO_002_RESIDUAL26_LOWVOL13_CONFIRM_V1 0 covered=1193 delta=0
RUN 18/21 HYP_LITEXP_AUTO_002_SECTOR_REL26_LOWDD_V1
EXIT HYP_LITEXP_AUTO_002_SECTOR_REL26_LOWDD_V1 0 covered=1193 delta=0
RUN 19/21 HYP_LIT_AUTO_002_PAPER_SECTOR_AND_INDUSTRY_RELATIVE_STR_SECTOR_REL_RET26_V4
EXIT HYP_LIT_AUTO_002_PAPER_SECTOR_AND_INDUSTRY_RELATIVE_STR_SECTOR_REL_RET26_V4 0 covered=1193 delta=0
RUN 20/21 SP500_MOMENTUM_TREND_BASELINE_V1
EXIT SP500_MOMENTUM_TREND_BASELINE_V1 0 covered=1193 delta=0
RUN 21/21 HYP_REFINE_AUTO002_TOPN_6_V1_DDGRID_LONGRUN_STRICT_STRICT_NEXT_CLOSE_R13_C22_E75_CR33_REDD_DD7_SL18
EXIT HYP_REFINE_AUTO002_TOPN_6_V1_DDGRID_LONGRUN_STRICT_STRICT_NEXT_CLOSE_R13_C22_E75_CR33_REDD_DD7_SL18 0 covered=1193 delta=0
NO_PROGRESS 1 1
PASS 2 original=1213 covered=1193 pending=21
RUN 1/21 HYP_AUTO_LOCAL_PULLBACK_TO_SMA26_SEED
EXIT HYP_AUTO_LOCAL_PULLBACK_TO_SMA26_SEED 0 covered=1193 delta=0
RUN 2/21 HYP_FSPACE_AUTO_002_RANK_CLOSE_SMA_50_SLOPE_5D_PCT_V1
EXIT HYP_FSPACE_AUTO_002_RANK_CLOSE_SMA_50_SLOPE_5D_PCT_V1 0 covered=1193 delta=0
RUN 3/21 HYP_FSPACE_AUTO_002_RANK_DISTANCE_TO_CHANNEL_LOWER_PCT_V1
EXIT HYP_FSPACE_AUTO_002_RANK_DISTANCE_TO_CHANNEL_LOWER_PCT_V1 0 covered=1193 delta=0
RUN 4/21 HYP_FSPACE_AUTO_002_RANK_CLOSE_SMA_50_SLOPE_5D_PCT_MKT_STRICT_SPY_V1
EXIT HYP_FSPACE_AUTO_002_RANK_CLOSE_SMA_50_SLOPE_5D_PCT_MKT_STRICT_SPY_V1 0 covered=1193 delta=0
RUN 5/21 HYP_FSPACE_AUTO_002_RANK_CLOSE_SMA_50_SLOPE_5D_PCT_CONF_CHANNEL_R2_035_V1
EXIT HYP_FSPACE_AUTO_002_RANK_CLOSE_SMA_50_SLOPE_5D_PCT_CONF_CHANNEL_R2_035_V1 0 covered=1193 delta=0
RUN 6/21 HYP_FSPACE_AUTO_002_RANK_DISTANCE_TO_CHANNEL_LOWER_PCT_MKT_STRICT_SPY_V1
EXIT HYP_FSPACE_AUTO_002_RANK_DISTANCE_TO_CHANNEL_LOWER_PCT_MKT_STRICT_SPY_V1 0 covered=1193 delta=0
RUN 7/21 HYP_FSPACE_AUTO_002_RANK_CLOSE_SMA_50_SLOPE_5D_PCT_CONF_CHANNEL_SLOPE_POS_V1
EXIT HYP_FSPACE_AUTO_002_RANK_CLOSE_SMA_50_SLOPE_5D_PCT_CONF_CHANNEL_SLOPE_POS_V1 0 covered=1193 delta=0
RUN 8/21 HYP_FSPACE_AUTO_002_RANK_CLOSE_SMA_50_SLOPE_5D_PCT_CONF_SMA20_POS_V1
EXIT HYP_FSPACE_AUTO_002_RANK_CLOSE_SMA_50_SLOPE_5D_PCT_CONF_SMA20_POS_V1 0 covered=1193 delta=0
RUN 9/21 HYP_FSPACE_AUTO_002_RANK_CLOSE_SMA_50_SLOPE_5D_PCT_CONF_SMA52_POS_V1
EXIT HYP_FSPACE_AUTO_002_RANK_CLOSE_SMA_50_SLOPE_5D_PCT_CONF_SMA52_POS_V1 0 covered=1193 delta=0
RUN 10/21 HYP_FSPACE_AUTO_002_RANK_CLOSE_SMA_50_SLOPE_5D_PCT_MKT_RELAXED_V1
EXIT HYP_FSPACE_AUTO_002_RANK_CLOSE_SMA_50_SLOPE_5D_PCT_MKT_RELAXED_V1 0 covered=1193 delta=0
RUN 11/21 HYP_FSPACE_AUTO_002_RANK_DISTANCE_TO_CHANNEL_LOWER_PCT_MKT_RELAXED_V1
EXIT HYP_FSPACE_AUTO_002_RANK_DISTANCE_TO_CHANNEL_LOWER_PCT_MKT_RELAXED_V1 0 covered=1193 delta=0
RUN 12/21 HYP_FSPACE_AUTO_002_RANK_CLOSE_SMA_50_SLOPE_5D_PCT_EXIT_14_V1
EXIT HYP_FSPACE_AUTO_002_RANK_CLOSE_SMA_50_SLOPE_5D_PCT_EXIT_14_V1 0 covered=1193 delta=0
RUN 13/21 HYP_FSPACE_AUTO_002_RANK_CLOSE_SMA_50_SLOPE_5D_PCT_EXIT_17_V1
EXIT HYP_FSPACE_AUTO_002_RANK_CLOSE_SMA_50_SLOPE_5D_PCT_EXIT_17_V1 0 covered=1193 delta=0
RUN 14/21 HYP_FSPACE_AUTO_002_RANK_DISTANCE_TO_CHANNEL_LOWER_PCT_CONF_CHANNEL_R2_035_V1
EXIT HYP_FSPACE_AUTO_002_RANK_DISTANCE_TO_CHANNEL_LOWER_PCT_CONF_CHANNEL_R2_035_V1 0 covered=1193 delta=0
RUN 15/21 HYP_LIT_AUTO_002_PAPER_RESIDUAL_IDIOSYNCRATIC_MOMENTUM_RESIDUAL_RET26_V4
EXIT HYP_LIT_AUTO_002_PAPER_RESIDUAL_IDIOSYNCRATIC_MOMENTUM_RESIDUAL_RET26_V4 0 covered=1193 delta=0
RUN 16/21 HYP_LITEXP_AUTO_002_RESIDUAL26_BREADTH45_DD26_V1
EXIT HYP_LITEXP_AUTO_002_RESIDUAL26_BREADTH45_DD26_V1 0 covered=1193 delta=0
RUN 17/21 HYP_LITEXP_AUTO_002_RESIDUAL26_LOWVOL13_CONFIRM_V1
EXIT HYP_LITEXP_AUTO_002_RESIDUAL26_LOWVOL13_CONFIRM_V1 0 covered=1193 delta=0
RUN 18/21 HYP_LITEXP_AUTO_002_SECTOR_REL26_LOWDD_V1
EXIT HYP_LITEXP_AUTO_002_SECTOR_REL26_LOWDD_V1 0 covered=1193 delta=0
RUN 19/21 HYP_LIT_AUTO_002_PAPER_SECTOR_AND_INDUSTRY_RELATIVE_STR_SECTOR_REL_RET26_V4
EXIT HYP_LIT_AUTO_002_PAPER_SECTOR_AND_INDUSTRY_RELATIVE_STR_SECTOR_REL_RET26_V4 0 covered=1193 delta=0
RUN 20/21 SP500_MOMENTUM_TREND_BASELINE_V1
EXIT SP500_MOMENTUM_TREND_BASELINE_V1 0 covered=1193 delta=0
RUN 21/21 HYP_REFINE_AUTO002_TOPN_6_V1_DDGRID_LONGRUN_STRICT_STRICT_NEXT_CLOSE_R13_C22_E75_CR33_REDD_DD7_SL18
EXIT HYP_REFINE_AUTO002_TOPN_6_V1_DDGRID_LONGRUN_STRICT_STRICT_NEXT_CLOSE_R13_C22_E75_CR33_REDD_DD7_SL18 0 covered=1193 delta=0
NO_PROGRESS 2 2
PASS 3 original=1213 covered=1193 pending=21
RUN 1/21 HYP_AUTO_LOCAL_PULLBACK_TO_SMA26_SEED
EXIT HYP_AUTO_LOCAL_PULLBACK_TO_SMA26_SEED 0 covered=1193 delta=0
RUN 2/21 HYP_FSPACE_AUTO_002_RANK_CLOSE_SMA_50_SLOPE_5D_PCT_V1
EXIT HYP_FSPACE_AUTO_002_RANK_CLOSE_SMA_50_SLOPE_5D_PCT_V1 0 covered=1193 delta=0
RUN 3/21 HYP_FSPACE_AUTO_002_RANK_DISTANCE_TO_CHANNEL_LOWER_PCT_V1
EXIT HYP_FSPACE_AUTO_002_RANK_DISTANCE_TO_CHANNEL_LOWER_PCT_V1 0 covered=1193 delta=0
RUN 4/21 HYP_FSPACE_AUTO_002_RANK_CLOSE_SMA_50_SLOPE_5D_PCT_MKT_STRICT_SPY_V1
EXIT HYP_FSPACE_AUTO_002_RANK_CLOSE_SMA_50_SLOPE_5D_PCT_MKT_STRICT_SPY_V1 0 covered=1193 delta=0
RUN 5/21 HYP_FSPACE_AUTO_002_RANK_CLOSE_SMA_50_SLOPE_5D_PCT_CONF_CHANNEL_R2_035_V1
EXIT HYP_FSPACE_AUTO_002_RANK_CLOSE_SMA_50_SLOPE_5D_PCT_CONF_CHANNEL_R2_035_V1 0 covered=1193 delta=0
RUN 6/21 HYP_FSPACE_AUTO_002_RANK_DISTANCE_TO_CHANNEL_LOWER_PCT_MKT_STRICT_SPY_V1
EXIT HYP_FSPACE_AUTO_002_RANK_DISTANCE_TO_CHANNEL_LOWER_PCT_MKT_STRICT_SPY_V1 0 covered=1193 delta=0
RUN 7/21 HYP_FSPACE_AUTO_002_RANK_CLOSE_SMA_50_SLOPE_5D_PCT_CONF_CHANNEL_SLOPE_POS_V1
EXIT HYP_FSPACE_AUTO_002_RANK_CLOSE_SMA_50_SLOPE_5D_PCT_CONF_CHANNEL_SLOPE_POS_V1 0 covered=1193 delta=0
RUN 8/21 HYP_FSPACE_AUTO_002_RANK_CLOSE_SMA_50_SLOPE_5D_PCT_CONF_SMA20_POS_V1
EXIT HYP_FSPACE_AUTO_002_RANK_CLOSE_SMA_50_SLOPE_5D_PCT_CONF_SMA20_POS_V1 0 covered=1193 delta=0
RUN 9/21 HYP_FSPACE_AUTO_002_RANK_CLOSE_SMA_50_SLOPE_5D_PCT_CONF_SMA52_POS_V1
EXIT HYP_FSPACE_AUTO_002_RANK_CLOSE_SMA_50_SLOPE_5D_PCT_CONF_SMA52_POS_V1 0 covered=1193 delta=0
RUN 10/21 HYP_FSPACE_AUTO_002_RANK_CLOSE_SMA_50_SLOPE_5D_PCT_MKT_RELAXED_V1
EXIT HYP_FSPACE_AUTO_002_RANK_CLOSE_SMA_50_SLOPE_5D_PCT_MKT_RELAXED_V1 0 covered=1193 delta=0
RUN 11/21 HYP_FSPACE_AUTO_002_RANK_DISTANCE_TO_CHANNEL_LOWER_PCT_MKT_RELAXED_V1
EXIT HYP_FSPACE_AUTO_002_RANK_DISTANCE_TO_CHANNEL_LOWER_PCT_MKT_RELAXED_V1 0 covered=1193 delta=0
RUN 12/21 HYP_FSPACE_AUTO_002_RANK_CLOSE_SMA_50_SLOPE_5D_PCT_EXIT_14_V1
EXIT HYP_FSPACE_AUTO_002_RANK_CLOSE_SMA_50_SLOPE_5D_PCT_EXIT_14_V1 0 covered=1193 delta=0
RUN 13/21 HYP_FSPACE_AUTO_002_RANK_CLOSE_SMA_50_SLOPE_5D_PCT_EXIT_17_V1
EXIT HYP_FSPACE_AUTO_002_RANK_CLOSE_SMA_50_SLOPE_5D_PCT_EXIT_17_V1 0 covered=1193 delta=0
RUN 14/21 HYP_FSPACE_AUTO_002_RANK_DISTANCE_TO_CHANNEL_LOWER_PCT_CONF_CHANNEL_R2_035_V1
EXIT HYP_FSPACE_AUTO_002_RANK_DISTANCE_TO_CHANNEL_LOWER_PCT_CONF_CHANNEL_R2_035_V1 0 covered=1193 delta=0
RUN 15/21 HYP_LIT_AUTO_002_PAPER_RESIDUAL_IDIOSYNCRATIC_MOMENTUM_RESIDUAL_RET26_V4
EXIT HYP_LIT_AUTO_002_PAPER_RESIDUAL_IDIOSYNCRATIC_MOMENTUM_RESIDUAL_RET26_V4 0 covered=1193 delta=0
RUN 16/21 HYP_LITEXP_AUTO_002_RESIDUAL26_BREADTH45_DD26_V1
EXIT HYP_LITEXP_AUTO_002_RESIDUAL26_BREADTH45_DD26_V1 0 covered=1193 delta=0
RUN 17/21 HYP_LITEXP_AUTO_002_RESIDUAL26_LOWVOL13_CONFIRM_V1
EXIT HYP_LITEXP_AUTO_002_RESIDUAL26_LOWVOL13_CONFIRM_V1 0 covered=1193 delta=0
RUN 18/21 HYP_LITEXP_AUTO_002_SECTOR_REL26_LOWDD_V1
EXIT HYP_LITEXP_AUTO_002_SECTOR_REL26_LOWDD_V1 0 covered=1193 delta=0
RUN 19/21 HYP_LIT_AUTO_002_PAPER_SECTOR_AND_INDUSTRY_RELATIVE_STR_SECTOR_REL_RET26_V4
EXIT HYP_LIT_AUTO_002_PAPER_SECTOR_AND_INDUSTRY_RELATIVE_STR_SECTOR_REL_RET26_V4 0 covered=1193 delta=0
RUN 20/21 SP500_MOMENTUM_TREND_BASELINE_V1
EXIT SP500_MOMENTUM_TREND_BASELINE_V1 0 covered=1193 delta=0
RUN 21/21 HYP_REFINE_AUTO002_TOPN_6_V1_DDGRID_LONGRUN_STRICT_STRICT_NEXT_CLOSE_R13_C22_E75_CR33_REDD_DD7_SL18
EXIT HYP_REFINE_AUTO002_TOPN_6_V1_DDGRID_LONGRUN_STRICT_STRICT_NEXT_CLOSE_R13_C22_E75_CR33_REDD_DD7_SL18 0 covered=1193 delta=0
NO_PROGRESS 3 3
STOP_NO_PROGRESS 2026-06-19T00:39:15-0300
