Tickers S&P 500 actuales encontrados: 503
Semanas a evaluar (cierres de viernes): ['2000-01-07', '2000-01-14', '2000-01-21', '2000-01-28', '2000-02-04', '2000-02-11', '2000-02-18', '2000-02-25', '2000-03-03', '2000-03-10', '2000-03-17', '2000-03-24', '2000-03-31', '2000-04-07', '2000-04-14', '2000-04-21', '2000-04-28', '2000-05-05', '2000-05-12', '2000-05-19', '2000-05-26', '2000-06-02', '2000-06-09', '2000-06-16', '2000-06-23', '2000-06-30', '2000-07-07', '2000-07-14', '2000-07-21', '2000-07-28', '2000-08-04', '2000-08-11', '2000-08-18', '2000-08-25', '2000-09-01', '2000-09-08', '2000-09-15', '2000-09-22', '2000-09-29', '2000-10-06', '2000-10-13', '2000-10-20', '2000-10-27', '2000-11-03', '2000-11-10', '2000-11-17', '2000-11-24', '2000-12-01', '2000-12-08', '2000-12-15', '2000-12-22', '2000-12-29', '2001-01-05', '2001-01-12', '2001-01-19', '2001-01-26', '2001-02-02', '2001-02-09', '2001-02-16', '2001-02-23', '2001-03-02', '2001-03-09', '2001-03-16', '2001-03-23', '2001-03-30', '2001-04-06', '2001-04-13', '2001-04-20', '2001-04-27', '2001-05-04', '2001-05-11', '2001-05-18', '2001-05-25', '2001-06-01', '2001-06-08', '2001-06-15', '2001-06-22', '2001-06-29', '2001-07-06', '2001-07-13', '2001-07-20', '2001-07-27', '2001-08-03', '2001-08-10', '2001-08-17', '2001-08-24', '2001-08-31', '2001-09-07', '2001-09-14', '2001-09-21', '2001-09-28', '2001-10-05', '2001-10-12', '2001-10-19', '2001-10-26', '2001-11-02', '2001-11-09', '2001-11-16', '2001-11-23', '2001-11-30', '2001-12-07', '2001-12-14', '2001-12-21', '2001-12-28', '2002-01-04', '2002-01-11', '2002-01-18', '2002-01-25', '2002-02-01', '2002-02-08', '2002-02-15', '2002-02-22', '2002-03-01', '2002-03-08', '2002-03-15', '2002-03-22', '2002-03-29', '2002-04-05', '2002-04-12', '2002-04-19', '2002-04-26', '2002-05-03', '2002-05-10', '2002-05-17', '2002-05-24', '2002-05-31', '2002-06-07', '2002-06-14', '2002-06-21', '2002-06-28', '2002-07-05', '2002-07-12', '2002-07-19', '2002-07-26', '2002-08-02', '2002-08-09', '2002-08-16', '2002-08-23', '2002-08-30', '2002-09-06', '2002-09-13', '2002-09-20', '2002-09-27', '2002-10-04', '2002-10-11', '2002-10-18', '2002-10-25', '2002-11-01', '2002-11-08', '2002-11-15', '2002-11-22', '2002-11-29', '2002-12-06', '2002-12-13', '2002-12-20', '2002-12-27', '2003-01-03', '2003-01-10', '2003-01-17', '2003-01-24', '2003-01-31', '2003-02-07', '2003-02-14', '2003-02-21', '2003-02-28', '2003-03-07', '2003-03-14', '2003-03-21', '2003-03-28', '2003-04-04', '2003-04-11', '2003-04-18', '2003-04-25', '2003-05-02', '2003-05-09', '2003-05-16', '2003-05-23', '2003-05-30', '2003-06-06', '2003-06-13', '2003-06-20', '2003-06-27', '2003-07-04', '2003-07-11', '2003-07-18', '2003-07-25', '2003-08-01', '2003-08-08', '2003-08-15', '2003-08-22', '2003-08-29', '2003-09-05', '2003-09-12', '2003-09-19', '2003-09-26', '2003-10-03', '2003-10-10', '2003-10-17', '2003-10-24', '2003-10-31', '2003-11-07', '2003-11-14', '2003-11-21', '2003-11-28', '2003-12-05', '2003-12-12', '2003-12-19', '2003-12-26', '2004-01-02', '2004-01-09', '2004-01-16', '2004-01-23', '2004-01-30', '2004-02-06', '2004-02-13', '2004-02-20', '2004-02-27', '2004-03-05', '2004-03-12', '2004-03-19', '2004-03-26', '2004-04-02', '2004-04-09', '2004-04-16', '2004-04-23', '2004-04-30', '2004-05-07', '2004-05-14', '2004-05-21', '2004-05-28', '2004-06-04', '2004-06-11', '2004-06-18', '2004-06-25', '2004-07-02', '2004-07-09', '2004-07-16', '2004-07-23', '2004-07-30', '2004-08-06', '2004-08-13', '2004-08-20', '2004-08-27', '2004-09-03', '2004-09-10', '2004-09-17', '2004-09-24', '2004-10-01', '2004-10-08', '2004-10-15', '2004-10-22', '2004-10-29', '2004-11-05', '2004-11-12', '2004-11-19', '2004-11-26', '2004-12-03', '2004-12-10', '2004-12-17', '2004-12-24', '2004-12-31', '2005-01-07', '2005-01-14', '2005-01-21', '2005-01-28', '2005-02-04', '2005-02-11', '2005-02-18', '2005-02-25', '2005-03-04', '2005-03-11', '2005-03-18', '2005-03-25', '2005-04-01', '2005-04-08', '2005-04-15', '2005-04-22', '2005-04-29', '2005-05-06', '2005-05-13', '2005-05-20', '2005-05-27', '2005-06-03', '2005-06-10', '2005-06-17', '2005-06-24', '2005-07-01', '2005-07-08', '2005-07-15', '2005-07-22', '2005-07-29', '2005-08-05', '2005-08-12', '2005-08-19', '2005-08-26', '2005-09-02', '2005-09-09', '2005-09-16', '2005-09-23', '2005-09-30', '2005-10-07', '2005-10-14', '2005-10-21', '2005-10-28', '2005-11-04', '2005-11-11', '2005-11-18', '2005-11-25', '2005-12-02', '2005-12-09', '2005-12-16', '2005-12-23', '2005-12-30', '2006-01-06', '2006-01-13', '2006-01-20', '2006-01-27', '2006-02-03', '2006-02-10', '2006-02-17', '2006-02-24', '2006-03-03', '2006-03-10', '2006-03-17', '2006-03-24', '2006-03-31', '2006-04-07', '2006-04-14', '2006-04-21', '2006-04-28', '2006-05-05', '2006-05-12', '2006-05-19', '2006-05-26', '2006-06-02', '2006-06-09', '2006-06-16', '2006-06-23', '2006-06-30', '2006-07-07', '2006-07-14', '2006-07-21', '2006-07-28', '2006-08-04', '2006-08-11', '2006-08-18', '2006-08-25', '2006-09-01', '2006-09-08', '2006-09-15', '2006-09-22', '2006-09-29', '2006-10-06', '2006-10-13', '2006-10-20', '2006-10-27', '2006-11-03', '2006-11-10', '2006-11-17', '2006-11-24', '2006-12-01', '2006-12-08', '2006-12-15', '2006-12-22', '2006-12-29', '2007-01-05', '2007-01-12', '2007-01-19', '2007-01-26', '2007-02-02', '2007-02-09', '2007-02-16', '2007-02-23', '2007-03-02', '2007-03-09', '2007-03-16', '2007-03-23', '2007-03-30', '2007-04-06', '2007-04-13', '2007-04-20', '2007-04-27', '2007-05-04', '2007-05-11', '2007-05-18', '2007-05-25', '2007-06-01', '2007-06-08', '2007-06-15', '2007-06-22', '2007-06-29', '2007-07-06', '2007-07-13', '2007-07-20', '2007-07-27', '2007-08-03', '2007-08-10', '2007-08-17', '2007-08-24', '2007-08-31', '2007-09-07', '2007-09-14', '2007-09-21', '2007-09-28', '2007-10-05', '2007-10-12', '2007-10-19', '2007-10-26', '2007-11-02', '2007-11-09', '2007-11-16', '2007-11-23', '2007-11-30', '2007-12-07', '2007-12-14', '2007-12-21', '2007-12-28', '2008-01-04', '2008-01-11', '2008-01-18', '2008-01-25', '2008-02-01', '2008-02-08', '2008-02-15', '2008-02-22', '2008-02-29', '2008-03-07', '2008-03-14', '2008-03-21', '2008-03-28', '2008-04-04', '2008-04-11', '2008-04-18', '2008-04-25', '2008-05-02', '2008-05-09', '2008-05-16', '2008-05-23', '2008-05-30', '2008-06-06', '2008-06-13', '2008-06-20', '2008-06-27', '2008-07-04', '2008-07-11', '2008-07-18', '2008-07-25', '2008-08-01', '2008-08-08', '2008-08-15', '2008-08-22', '2008-08-29', '2008-09-05', '2008-09-12', '2008-09-19', '2008-09-26', '2008-10-03', '2008-10-10', '2008-10-17', '2008-10-24', '2008-10-31', '2008-11-07', '2008-11-14', '2008-11-21', '2008-11-28', '2008-12-05', '2008-12-12', '2008-12-19', '2008-12-26', '2009-01-02', '2009-01-09', '2009-01-16', '2009-01-23', '2009-01-30', '2009-02-06', '2009-02-13', '2009-02-20', '2009-02-27', '2009-03-06', '2009-03-13', '2009-03-20', '2009-03-27', '2009-04-03', '2009-04-10', '2009-04-17', '2009-04-24', '2009-05-01', '2009-05-08', '2009-05-15', '2009-05-22', '2009-05-29', '2009-06-05', '2009-06-12', '2009-06-19', '2009-06-26', '2009-07-03', '2009-07-10', '2009-07-17', '2009-07-24', '2009-07-31', '2009-08-07', '2009-08-14', '2009-08-21', '2009-08-28', '2009-09-04', '2009-09-11', '2009-09-18', '2009-09-25', '2009-10-02', '2009-10-09', '2009-10-16', '2009-10-23', '2009-10-30', '2009-11-06', '2009-11-13', '2009-11-20', '2009-11-27', '2009-12-04', '2009-12-11', '2009-12-18', '2009-12-25', '2010-01-01', '2010-01-08', '2010-01-15', '2010-01-22', '2010-01-29', '2010-02-05', '2010-02-12', '2010-02-19', '2010-02-26', '2010-03-05', '2010-03-12', '2010-03-19', '2010-03-26', '2010-04-02', '2010-04-09', '2010-04-16', '2010-04-23', '2010-04-30', '2010-05-07', '2010-05-14', '2010-05-21', '2010-05-28', '2010-06-04', '2010-06-11', '2010-06-18', '2010-06-25', '2010-07-02', '2010-07-09', '2010-07-16', '2010-07-23', '2010-07-30', '2010-08-06', '2010-08-13', '2010-08-20', '2010-08-27', '2010-09-03', '2010-09-10', '2010-09-17', '2010-09-24', '2010-10-01', '2010-10-08', '2010-10-15', '2010-10-22', '2010-10-29', '2010-11-05', '2010-11-12', '2010-11-19', '2010-11-26', '2010-12-03', '2010-12-10', '2010-12-17', '2010-12-24', '2010-12-31', '2011-01-07', '2011-01-14', '2011-01-21', '2011-01-28', '2011-02-04', '2011-02-11', '2011-02-18', '2011-02-25', '2011-03-04', '2011-03-11', '2011-03-18', '2011-03-25', '2011-04-01', '2011-04-08', '2011-04-15', '2011-04-22', '2011-04-29', '2011-05-06', '2011-05-13', '2011-05-20', '2011-05-27', '2011-06-03', '2011-06-10', '2011-06-17', '2011-06-24', '2011-07-01', '2011-07-08', '2011-07-15', '2011-07-22', '2011-07-29', '2011-08-05', '2011-08-12', '2011-08-19', '2011-08-26', '2011-09-02', '2011-09-09', '2011-09-16', '2011-09-23', '2011-09-30', '2011-10-07', '2011-10-14', '2011-10-21', '2011-10-28', '2011-11-04', '2011-11-11', '2011-11-18', '2011-11-25', '2011-12-02', '2011-12-09', '2011-12-16', '2011-12-23', '2011-12-30', '2012-01-06', '2012-01-13', '2012-01-20', '2012-01-27', '2012-02-03', '2012-02-10', '2012-02-17', '2012-02-24', '2012-03-02', '2012-03-09', '2012-03-16', '2012-03-23', '2012-03-30', '2012-04-06', '2012-04-13', '2012-04-20', '2012-04-27', '2012-05-04', '2012-05-11', '2012-05-18', '2012-05-25', '2012-06-01', '2012-06-08', '2012-06-15', '2012-06-22', '2012-06-29', '2012-07-06', '2012-07-13', '2012-07-20', '2012-07-27', '2012-08-03', '2012-08-10', '2012-08-17', '2012-08-24', '2012-08-31', '2012-09-07', '2012-09-14', '2012-09-21', '2012-09-28', '2012-10-05', '2012-10-12', '2012-10-19', '2012-10-26', '2012-11-02', '2012-11-09', '2012-11-16', '2012-11-23', '2012-11-30', '2012-12-07', '2012-12-14', '2012-12-21', '2012-12-28', '2013-01-04', '2013-01-11', '2013-01-18', '2013-01-25', '2013-02-01', '2013-02-08', '2013-02-15', '2013-02-22', '2013-03-01', '2013-03-08', '2013-03-15', '2013-03-22', '2013-03-29', '2013-04-05', '2013-04-12', '2013-04-19', '2013-04-26', '2013-05-03', '2013-05-10', '2013-05-17', '2013-05-24', '2013-05-31', '2013-06-07', '2013-06-14', '2013-06-21', '2013-06-28', '2013-07-05', '2013-07-12', '2013-07-19', '2013-07-26', '2013-08-02', '2013-08-09', '2013-08-16', '2013-08-23', '2013-08-30', '2013-09-06', '2013-09-13', '2013-09-20', '2013-09-27', '2013-10-04', '2013-10-11', '2013-10-18', '2013-10-25', '2013-11-01', '2013-11-08', '2013-11-15', '2013-11-22', '2013-11-29', '2013-12-06', '2013-12-13', '2013-12-20', '2013-12-27', '2014-01-03', '2014-01-10', '2014-01-17', '2014-01-24', '2014-01-31', '2014-02-07', '2014-02-14', '2014-02-21', '2014-02-28', '2014-03-07', '2014-03-14', '2014-03-21', '2014-03-28', '2014-04-04', '2014-04-11', '2014-04-18', '2014-04-25', '2014-05-02', '2014-05-09', '2014-05-16', '2014-05-23', '2014-05-30', '2014-06-06', '2014-06-13', '2014-06-20', '2014-06-27', '2014-07-04', '2014-07-11', '2014-07-18', '2014-07-25', '2014-08-01', '2014-08-08', '2014-08-15', '2014-08-22', '2014-08-29', '2014-09-05', '2014-09-12', '2014-09-19', '2014-09-26', '2014-10-03', '2014-10-10', '2014-10-17', '2014-10-24', '2014-10-31', '2014-11-07', '2014-11-14', '2014-11-21', '2014-11-28', '2014-12-05', '2014-12-12', '2014-12-19', '2014-12-26', '2015-01-02', '2015-01-09', '2015-01-16', '2015-01-23', '2015-01-30', '2015-02-06', '2015-02-13', '2015-02-20', '2015-02-27', '2015-03-06', '2015-03-13', '2015-03-20', '2015-03-27', '2015-04-03', '2015-04-10', '2015-04-17', '2015-04-24', '2015-05-01', '2015-05-08', '2015-05-15', '2015-05-22', '2015-05-29', '2015-06-05', '2015-06-12', '2015-06-19', '2015-06-26', '2015-07-03', '2015-07-10', '2015-07-17', '2015-07-24', '2015-07-31', '2015-08-07', '2015-08-14', '2015-08-21', '2015-08-28', '2015-09-04', '2015-09-11', '2015-09-18', '2015-09-25', '2015-10-02', '2015-10-09', '2015-10-16', '2015-10-23', '2015-10-30', '2015-11-06', '2015-11-13', '2015-11-20', '2015-11-27', '2015-12-04', '2015-12-11', '2015-12-18', '2015-12-25', '2016-01-01', '2016-01-08', '2016-01-15', '2016-01-22', '2016-01-29', '2016-02-05', '2016-02-12', '2016-02-19', '2016-02-26', '2016-03-04', '2016-03-11', '2016-03-18', '2016-03-25', '2016-04-01', '2016-04-08', '2016-04-15', '2016-04-22', '2016-04-29', '2016-05-06', '2016-05-13', '2016-05-20', '2016-05-27', '2016-06-03', '2016-06-10', '2016-06-17', '2016-06-24', '2016-07-01', '2016-07-08', '2016-07-15', '2016-07-22', '2016-07-29', '2016-08-05', '2016-08-12', '2016-08-19', '2016-08-26', '2016-09-02', '2016-09-09', '2016-09-16', '2016-09-23', '2016-09-30', '2016-10-07', '2016-10-14', '2016-10-21', '2016-10-28', '2016-11-04', '2016-11-11', '2016-11-18', '2016-11-25', '2016-12-02', '2016-12-09', '2016-12-16', '2016-12-23', '2016-12-30', '2017-01-06', '2017-01-13', '2017-01-20', '2017-01-27', '2017-02-03', '2017-02-10', '2017-02-17', '2017-02-24', '2017-03-03', '2017-03-10', '2017-03-17', '2017-03-24', '2017-03-31', '2017-04-07', '2017-04-14', '2017-04-21', '2017-04-28', '2017-05-05', '2017-05-12', '2017-05-19', '2017-05-26', '2017-06-02', '2017-06-09', '2017-06-16', '2017-06-23', '2017-06-30', '2017-07-07', '2017-07-14', '2017-07-21', '2017-07-28', '2017-08-04', '2017-08-11', '2017-08-18', '2017-08-25', '2017-09-01', '2017-09-08', '2017-09-15', '2017-09-22', '2017-09-29', '2017-10-06', '2017-10-13', '2017-10-20', '2017-10-27', '2017-11-03', '2017-11-10', '2017-11-17', '2017-11-24', '2017-12-01', '2017-12-08', '2017-12-15', '2017-12-22', '2017-12-29', '2018-01-05', '2018-01-12', '2018-01-19', '2018-01-26', '2018-02-02', '2018-02-09', '2018-02-16', '2018-02-23', '2018-03-02', '2018-03-09', '2018-03-16', '2018-03-23', '2018-03-30', '2018-04-06', '2018-04-13', '2018-04-20', '2018-04-27', '2018-05-04', '2018-05-11', '2018-05-18', '2018-05-25', '2018-06-01', '2018-06-08', '2018-06-15', '2018-06-22', '2018-06-29', '2018-07-06', '2018-07-13', '2018-07-20', '2018-07-27', '2018-08-03', '2018-08-10', '2018-08-17', '2018-08-24', '2018-08-31', '2018-09-07', '2018-09-14', '2018-09-21', '2018-09-28', '2018-10-05', '2018-10-12', '2018-10-19', '2018-10-26', '2018-11-02', '2018-11-09', '2018-11-16', '2018-11-23', '2018-11-30', '2018-12-07', '2018-12-14', '2018-12-21', '2018-12-28', '2019-01-04', '2019-01-11', '2019-01-18', '2019-01-25', '2019-02-01', '2019-02-08', '2019-02-15', '2019-02-22', '2019-03-01', '2019-03-08', '2019-03-15', '2019-03-22', '2019-03-29', '2019-04-05', '2019-04-12', '2019-04-19', '2019-04-26', '2019-05-03', '2019-05-10', '2019-05-17', '2019-05-24', '2019-05-31', '2019-06-07', '2019-06-14', '2019-06-21', '2019-06-28', '2019-07-05', '2019-07-12', '2019-07-19', '2019-07-26', '2019-08-02', '2019-08-09', '2019-08-16', '2019-08-23', '2019-08-30', '2019-09-06', '2019-09-13', '2019-09-20', '2019-09-27', '2019-10-04', '2019-10-11', '2019-10-18', '2019-10-25', '2019-11-01', '2019-11-08', '2019-11-15', '2019-11-22', '2019-11-29', '2019-12-06', '2019-12-13', '2019-12-20', '2019-12-27', '2020-01-03', '2020-01-10', '2020-01-17', '2020-01-24', '2020-01-31', '2020-02-07', '2020-02-14', '2020-02-21', '2020-02-28', '2020-03-06', '2020-03-13', '2020-03-20', '2020-03-27', '2020-04-03', '2020-04-10', '2020-04-17', '2020-04-24', '2020-05-01', '2020-05-08', '2020-05-15', '2020-05-22', '2020-05-29', '2020-06-05', '2020-06-12', '2020-06-19', '2020-06-26', '2020-07-03', '2020-07-10', '2020-07-17', '2020-07-24', '2020-07-31', '2020-08-07', '2020-08-14', '2020-08-21', '2020-08-28', '2020-09-04', '2020-09-11', '2020-09-18', '2020-09-25', '2020-10-02', '2020-10-09', '2020-10-16', '2020-10-23', '2020-10-30', '2020-11-06', '2020-11-13', '2020-11-20', '2020-11-27', '2020-12-04', '2020-12-11', '2020-12-18', '2020-12-25', '2021-01-01', '2021-01-08', '2021-01-15', '2021-01-22', '2021-01-29', '2021-02-05', '2021-02-12', '2021-02-19', '2021-02-26', '2021-03-05', '2021-03-12', '2021-03-19', '2021-03-26', '2021-04-02', '2021-04-09', '2021-04-16', '2021-04-23', '2021-04-30', '2021-05-07', '2021-05-14', '2021-05-21', '2021-05-28', '2021-06-04', '2021-06-11', '2021-06-18', '2021-06-25', '2021-07-02', '2021-07-09', '2021-07-16', '2021-07-23', '2021-07-30', '2021-08-06', '2021-08-13', '2021-08-20', '2021-08-27', '2021-09-03', '2021-09-10', '2021-09-17', '2021-09-24', '2021-10-01', '2021-10-08', '2021-10-15', '2021-10-22', '2021-10-29', '2021-11-05', '2021-11-12', '2021-11-19', '2021-11-26', '2021-12-03', '2021-12-10', '2021-12-17', '2021-12-24', '2021-12-31', '2022-01-07', '2022-01-14', '2022-01-21', '2022-01-28', '2022-02-04', '2022-02-11', '2022-02-18', '2022-02-25', '2022-03-04', '2022-03-11', '2022-03-18', '2022-03-25', '2022-04-01', '2022-04-08', '2022-04-15', '2022-04-22', '2022-04-29', '2022-05-06', '2022-05-13', '2022-05-20', '2022-05-27', '2022-06-03', '2022-06-10', '2022-06-17', '2022-06-24', '2022-07-01', '2022-07-08', '2022-07-15', '2022-07-22', '2022-07-29', '2022-08-05', '2022-08-12', '2022-08-19', '2022-08-26', '2022-09-02', '2022-09-09', '2022-09-16', '2022-09-23', '2022-09-30', '2022-10-07', '2022-10-14', '2022-10-21', '2022-10-28', '2022-11-04', '2022-11-11', '2022-11-18', '2022-11-25', '2022-12-02', '2022-12-09', '2022-12-16', '2022-12-23', '2022-12-30', '2023-01-06', '2023-01-13', '2023-01-20', '2023-01-27', '2023-02-03', '2023-02-10', '2023-02-17', '2023-02-24', '2023-03-03', '2023-03-10', '2023-03-17', '2023-03-24', '2023-03-31', '2023-04-07', '2023-04-14', '2023-04-21', '2023-04-28', '2023-05-05', '2023-05-12', '2023-05-19', '2023-05-26', '2023-06-02', '2023-06-09', '2023-06-16', '2023-06-23', '2023-06-30', '2023-07-07', '2023-07-14', '2023-07-21', '2023-07-28', '2023-08-04', '2023-08-11', '2023-08-18', '2023-08-25', '2023-09-01', '2023-09-08', '2023-09-15', '2023-09-22', '2023-09-29', '2023-10-06', '2023-10-13', '2023-10-20', '2023-10-27', '2023-11-03', '2023-11-10', '2023-11-17', '2023-11-24', '2023-12-01', '2023-12-08', '2023-12-15', '2023-12-22', '2023-12-29', '2024-01-05', '2024-01-12', '2024-01-19', '2024-01-26', '2024-02-02', '2024-02-09', '2024-02-16', '2024-02-23', '2024-03-01', '2024-03-08', '2024-03-15', '2024-03-22', '2024-03-29', '2024-04-05', '2024-04-12', '2024-04-19', '2024-04-26', '2024-05-03', '2024-05-10', '2024-05-17', '2024-05-24', '2024-05-31', '2024-06-07', '2024-06-14', '2024-06-21', '2024-06-28', '2024-07-05', '2024-07-12', '2024-07-19', '2024-07-26', '2024-08-02', '2024-08-09', '2024-08-16', '2024-08-23', '2024-08-30', '2024-09-06', '2024-09-13', '2024-09-20', '2024-09-27', '2024-10-04', '2024-10-11', '2024-10-18', '2024-10-25', '2024-11-01', '2024-11-08', '2024-11-15', '2024-11-22', '2024-11-29', '2024-12-06', '2024-12-13', '2024-12-20', '2024-12-27', '2025-01-03', '2025-01-10', '2025-01-17', '2025-01-24', '2025-01-31', '2025-02-07', '2025-02-14', '2025-02-21', '2025-02-28', '2025-03-07', '2025-03-14', '2025-03-21', '2025-03-28', '2025-04-04', '2025-04-11', '2025-04-18', '2025-04-25', '2025-05-02', '2025-05-09', '2025-05-16', '2025-05-23', '2025-05-30', '2025-06-06', '2025-06-13', '2025-06-20', '2025-06-27', '2025-07-04', '2025-07-11', '2025-07-18', '2025-07-25', '2025-08-01', '2025-08-08', '2025-08-15', '2025-08-22', '2025-08-29', '2025-09-05', '2025-09-12', '2025-09-19', '2025-09-26', '2025-10-03', '2025-10-10', '2025-10-17', '2025-10-24', '2025-10-31', '2025-11-07', '2025-11-14', '2025-11-21', '2025-11-28', '2025-12-05', '2025-12-12', '2025-12-19', '2025-12-26', '2026-01-02', '2026-01-09', '2026-01-16', '2026-01-23', '2026-01-30', '2026-02-06', '2026-02-13', '2026-02-20', '2026-02-27', '2026-03-06', '2026-03-13', '2026-03-20', '2026-03-27', '2026-04-03', '2026-04-10', '2026-04-17', '2026-04-24', '2026-05-01', '2026-05-08', '2026-05-15', '2026-05-22']
Setup V1 => target=15.00% | stop=7.00% | top_n=5 | max_open=20 | entry=next_open | intraday_priority=stop
[1/503] A
[2/503] AAPL
[3/503] ABBV
[4/503] ABNB
[5/503] ABT
[6/503] ACGL
[7/503] ACN
[8/503] ADBE
[9/503] ADI
[10/503] ADM
[11/503] ADP
[12/503] ADSK
[13/503] AEE
[14/503] AEP
[15/503] AES
[16/503] AFL
[17/503] AIG
[18/503] AIZ
[19/503] AJG
[20/503] AKAM
[21/503] ALB
[22/503] ALGN
[23/503] ALL
[24/503] ALLE
[25/503] AMAT
[26/503] AMCR
[27/503] AMD
[28/503] AME
[29/503] AMGN
[30/503] AMP
[31/503] AMT
[32/503] AMZN
[33/503] ANET
[34/503] AON
[35/503] AOS
[36/503] APA
[37/503] APD
[38/503] APH
[39/503] APO
[40/503] APP
[41/503] APTV
[42/503] ARE
[43/503] ARES
[44/503] ATO
[45/503] AVB
[46/503] AVGO
[47/503] AVY
[48/503] AWK
[49/503] AXON
[50/503] AXP
[51/503] AZO
[52/503] BA
[53/503] BAC
[54/503] BALL
[55/503] BAX
[56/503] BBY
[57/503] BDX
[58/503] BEN
[59/503] BF-B
[60/503] BG
[61/503] BIIB
[62/503] BKNG
[63/503] BKR
[64/503] BLDR
[65/503] BLK
[66/503] BMY
[67/503] BNY
[68/503] BR
[69/503] BRK-B
[70/503] BRO
[71/503] BSX
[72/503] BX
[73/503] BXP
[74/503] C
[75/503] CAG
[76/503] CAH
[77/503] CARR
[78/503] CASY
[79/503] CAT
[80/503] CB
[81/503] CBOE
[82/503] CBRE
[83/503] CCI
[84/503] CCL
[85/503] CDNS
[86/503] CDW
[87/503] CEG
[88/503] CF
[89/503] CFG
[90/503] CHD
[91/503] CHRW
[92/503] CHTR
[93/503] CI
[94/503] CIEN
[95/503] CINF
[96/503] CL
[97/503] CLX
[98/503] CMCSA
[99/503] CME
[100/503] CMG
[101/503] CMI
[102/503] CMS
[103/503] CNC
[104/503] CNP
[105/503] COF
[106/503] COHR
[107/503] COIN
[108/503] COO
[109/503] COP
[110/503] COR
[111/503] COST
[112/503] CPAY
[113/503] CPB
[114/503] CPRT
[115/503] CPT
[116/503] CRH
[117/503] CRL
[118/503] CRM
[119/503] CRWD
[120/503] CSCO
[121/503] CSGP
[122/503] CSX
[123/503] CTAS
[124/503] CTSH
[125/503] CTVA
[126/503] CVNA
[127/503] CVS
[128/503] CVX
[129/503] D
[130/503] DAL
[131/503] DASH
[132/503] DD
[133/503] DDOG
[134/503] DE
[135/503] DECK
[136/503] DELL
[137/503] DG
[138/503] DGX
[139/503] DHI
[140/503] DHR
[141/503] DIS
[142/503] DLR
[143/503] DLTR
[144/503] DOC
[145/503] DOV
[146/503] DOW
[147/503] DPZ
[148/503] DRI
[149/503] DTE
[150/503] DUK
[151/503] DVA
[152/503] DVN
[153/503] DXCM
[154/503] EA
[155/503] EBAY
[156/503] ECL
[157/503] ED
[158/503] EFX
[159/503] EG
[160/503] EIX
[161/503] EL
[162/503] ELV
[163/503] EME
[164/503] EMR
[165/503] EOG
[166/503] EPAM
[167/503] EQIX
[168/503] EQR
[169/503] EQT
[170/503] ERIE
[171/503] ES
[172/503] ESS
[173/503] ETN
[174/503] ETR
[175/503] EVRG
[176/503] EW
[177/503] EXC
[178/503] EXE
[179/503] EXPD
[180/503] EXPE
[181/503] EXR
[182/503] F
[183/503] FANG
[184/503] FAST
[185/503] FCX
[186/503] FDS
[187/503] FDX
[188/503] FE
[189/503] FFIV
[190/503] FICO
[191/503] FIS
[192/503] FISV
[193/503] FITB
[194/503] FIX
[195/503] FOX
[196/503] FOXA
[197/503] FRT
[198/503] FSLR
[199/503] FTNT
[200/503] FTV
[201/503] GD
[202/503] GDDY
[203/503] GE
[204/503] GEHC
[205/503] GEN
[206/503] GEV
[207/503] GILD
[208/503] GIS
[209/503] GL
[210/503] GLW
[211/503] GM
[212/503] GNRC
[213/503] GOOG
[214/503] GOOGL
[215/503] GPC
[216/503] GPN
[217/503] GRMN
[218/503] GS
[219/503] GWW
[220/503] HAL
[221/503] HAS
[222/503] HBAN
[223/503] HCA
[224/503] HD
[225/503] HIG
[226/503] HII
[227/503] HLT
[228/503] HON
[229/503] HOOD
[230/503] HPE
[231/503] HPQ
[232/503] HRL
[233/503] HSIC
[234/503] HST
[235/503] HSY
[236/503] HUBB
[237/503] HUM
[238/503] HWM
[239/503] IBKR
[240/503] IBM
[241/503] ICE
[242/503] IDXX
[243/503] IEX
[244/503] IFF
[245/503] INCY
[246/503] INTC
[247/503] INTU
[248/503] INVH
[249/503] IP
[250/503] IQV
[251/503] IR
[252/503] IRM
[253/503] ISRG
[254/503] IT
[255/503] ITW
[256/503] IVZ
[257/503] J
[258/503] JBHT
[259/503] JBL
[260/503] JCI
[261/503] JKHY
[262/503] JNJ
[263/503] JPM
[264/503] KDP
[265/503] KEY
[266/503] KEYS
[267/503] KHC
[268/503] KIM
[269/503] KKR
[270/503] KLAC
[271/503] KMB
[272/503] KMI
[273/503] KO
[274/503] KR
[275/503] KVUE
[276/503] L
[277/503] LDOS
[278/503] LEN
[279/503] LH
[280/503] LHX
[281/503] LII
[282/503] LIN
[283/503] LITE
[284/503] LLY
[285/503] LMT
[286/503] LNT
[287/503] LOW
[288/503] LRCX
[289/503] LULU
[290/503] LUV
[291/503] LVS
[292/503] LYB
[293/503] LYV
[294/503] MA
[295/503] MAA
[296/503] MAR
[297/503] MAS
[298/503] MCD
[299/503] MCHP
[300/503] MCK
[301/503] MCO
[302/503] MDLZ
[303/503] MDT
[304/503] MET
[305/503] META
[306/503] MGM
[307/503] MKC
[308/503] MLM
[309/503] MMM
[310/503] MNST
[311/503] MO
[312/503] MOS
[313/503] MPC
[314/503] MPWR
[315/503] MRK
[316/503] MRNA
[317/503] MRSH
[318/503] MS
[319/503] MSCI
[320/503] MSFT
[321/503] MSI
[322/503] MTB
[323/503] MTD
[324/503] MU
[325/503] NCLH
[326/503] NDAQ
[327/503] NDSN
[328/503] NEE
[329/503] NEM
[330/503] NFLX
[331/503] NI
[332/503] NKE
[333/503] NOC
[334/503] NOW
[335/503] NRG
[336/503] NSC
[337/503] NTAP
[338/503] NTRS
[339/503] NUE
[340/503] NVDA
[341/503] NVR
[342/503] NWS
[343/503] NWSA
[344/503] NXPI
[345/503] O
[346/503] ODFL
[347/503] OKE
[348/503] OMC
[349/503] ON
[350/503] ORCL
[351/503] ORLY
[352/503] OTIS
[353/503] OXY
[354/503] PANW
[355/503] PAYX
[356/503] PCAR
[357/503] PCG
[358/503] PEG
[359/503] PEP
[360/503] PFE
[361/503] PFG
[362/503] PG
[363/503] PGR
[364/503] PH
[365/503] PHM
[366/503] PKG
[367/503] PLD
[368/503] PLTR
[369/503] PM
[370/503] PNC
[371/503] PNR
[372/503] PNW
[373/503] PODD
[374/503] POOL
[375/503] PPG
[376/503] PPL
[377/503] PRU
[378/503] PSA
[379/503] PSKY
[380/503] PSX
[381/503] PTC
[382/503] PWR
[383/503] PYPL
[384/503] Q
[385/503] QCOM
[386/503] RCL
[387/503] REG
[388/503] REGN
[389/503] RF
[390/503] RJF
[391/503] RL
[392/503] RMD
[393/503] ROK
[394/503] ROL
[395/503] ROP
[396/503] ROST
[397/503] RSG
[398/503] RTX
[399/503] RVTY
[400/503] SATS
[401/503] SBAC
[402/503] SBUX
[403/503] SCHW
[404/503] SHW
[405/503] SJM
[406/503] SLB
[407/503] SMCI
[408/503] SNA
[409/503] SNDK
[410/503] SNPS
[411/503] SO
[412/503] SOLV
[413/503] SPG
[414/503] SPGI
[415/503] SRE
[416/503] STE
[417/503] STLD
[418/503] STT
[419/503] STX
[420/503] STZ
[421/503] SW
[422/503] SWK
[423/503] SWKS
[424/503] SYF
[425/503] SYK
[426/503] SYY
[427/503] T
[428/503] TAP
[429/503] TDG
[430/503] TDY
[431/503] TECH
[432/503] TEL
[433/503] TER
[434/503] TFC
[435/503] TGT
[436/503] TJX
[437/503] TKO
[438/503] TMO
[439/503] TMUS
[440/503] TPL
[441/503] TPR
[442/503] TRGP
[443/503] TRMB
[444/503] TROW
[445/503] TRV
[446/503] TSCO
[447/503] TSLA
[448/503] TSN
[449/503] TT
[450/503] TTD
[451/503] TTWO
[452/503] TXN
[453/503] TXT
[454/503] TYL
[455/503] UAL
[456/503] UBER
[457/503] UDR
[458/503] UHS
[459/503] ULTA
[460/503] UNH
[461/503] UNP
[462/503] UPS
[463/503] URI
[464/503] USB
[465/503] V
[466/503] VEEV
[467/503] VICI
[468/503] VLO
[469/503] VLTO
[470/503] VMC
[471/503] VRSK
[472/503] VRSN
[473/503] VRT
[474/503] VRTX
[475/503] VST
[476/503] VTR
[477/503] VTRS
[478/503] VZ
[479/503] WAB
[480/503] WAT
[481/503] WBD
[482/503] WDAY
[483/503] WDC
[484/503] WEC
[485/503] WELL
[486/503] WFC
[487/503] WM
[488/503] WMB
[489/503] WMT
[490/503] WRB
[491/503] WSM
[492/503] WST
[493/503] WTW
[494/503] WY
[495/503] WYNN
[496/503] XEL
[497/503] XOM
[498/503] XYL
[499/503] XYZ
[500/503] YUM
[501/503] ZBH
[502/503] ZBRA
[503/503] ZTS
==========================================================================================
Listo.
Signals All enriquecido: sp500_channel_pullback_signals_all_with_first_touch_signals_all_260523155453.xlsx (682992 filas)
Signals candidatos:      sp500_channel_pullback_signals_all_with_first_touch_signals_260523155453.xlsx (1111 filas)
Setup V1 Trades:         sp500_channel_pullback_signals_all_with_first_touch_setup_v1_trades_260523155453.xlsx (1398 filas)
Setup V1 Summary:        sp500_channel_pullback_signals_all_with_first_touch_setup_v1_summary_260523155453.xlsx
Setup V1 Weekly Sel:     sp500_channel_pullback_signals_all_with_first_touch_setup_v1_weekly_selection_260523155453.xlsx
Errores:                 sp500_channel_pullback_signals_all_with_first_touch_errors_260523155453.xlsx (0 filas)
==========================================================================================
 capital_per_trade  max_open_positions  top_n_per_week  target_pct  stop_pct  selected_trades  winners  losers  win_rate_pct  avg_net_return_pct  avg_net_pnl_dollars  total_net_pnl_dollars
             500.0                  20               5        15.0       7.0             1398      585     813       41.8455              1.5837               7.9185             11070.0365
